<!DOCTYPE html>
<html lang="en">
<head>
    <meta charset="UTF-8">
    <meta name="viewport" content="width=device-width, initial-scale=1.0">
    <meta http-equiv="X-UA-Compatible" content="ie=edge">
    <title>Document</title>
    <script src="script.js"></script>
    <link rel="stylesheet" href="css.css">
</head>
<body>

    <div id="div1">
        <div id="div2">
            <di id="div3">
                <div id="div4">
                    <div id="div5">
                        <div id="div6">

                        </div>
                        
                    </div>
                </div>
            </div>
        </div>
    </div>
    
</body>
</html>